// Jest Snapshot v1, https://goo.gl/fbAQLP

exports[`DragonCard should match snapshot 1`] = `
<h1>
  Ysera
</h1>
`;
