// Jest Snapshot v1, https://goo.gl/fbAQLP

exports[`Dragon Title should match snapshot 1`] = `
<h1>
  Dragons Dashboard
</h1>
`;
